1 817
2 65.1
3 111
4 813
5 577
6 621
7 505
8 563
9 573
10 516
11 578
12 280
13 269
14 907
15 504
16 749
17 410
18 909
19 916
20 508
21 675
22 933
23 550
24 538
25 778
26 706
27 849
28 630
29 647
30 932
31 646
32 899
33 734
34 620
35 850
36 583
37 691
38 858
39 638
40 909
41 690
42 589
43 831
44 627
45 692
46 517
47 585
48 906
49 474
50 657
51 402
52 548
53 727
54 942
55 947
56 912
57 906
58 777
59 751
60 548
61 613
62 903
63 831
64 898
65 516
66 596
67 718
68 841
69 633
70 472
71 848
72 434
73 558
74 892
75 624
76 684
77 699
78 894
79 900
80 900
81 629
82 694
83 898
84 459
85 437
86 789
87 906
88 591
89 934
90 822
91 455
92 587
93 712
94 591
95 629
96 636
97 734
98 819
99 668
100 869
101 855
102 847
103 903
104 719
105 851
106 598
107 895
108 897
109 878
110 886
111 889
112 891
113 895
114 878
115 898
116 524
117 902
118 848
119 895
120 760
121 899
122 708
123 895
124 775
125 889
126 876
127 889
128 891
129 537
130 671
131 897
132 896
133 444
134 895
135 895
136 888
137 899
138 893
139 672
140 892
141 662
142 803
143 883
144 894
145 896
146 803
147 883
148 893
149 813
150 894
151 728
152 876
153 721
154 895
155 891
156 888
157 704
158 896
159 889
160 532
161 882
162 790
163 874
164 882
165 836
166 700
167 778
168 884
169 701
170 793
171 684
172 893
173 871
174 728
175 861
176 823
177 760
178 566
179 487
180 704
181 541
182 493
183 857
184 833
185 825
186 838
187 679
188 802
189 895
190 869
191 780
192 874
193 685
194 681
195 623
196 726
197 721
198 615
199 744
200 800
201 835
202 855
203 870
204 888
205 854
206 869
207 877
208 866
209 883
210 884
211 869
212 884
213 863
214 880
215 886
216 881
217 848
218 875
219 896
220 898
221 891
222 894
223 891
224 573
225 894
226 883
227 887
228 877
229 869
230 881
231 896
232 888
233 896
234 869
235 802
236 921
237 791
238 892
239 808
240 808
241 842
242 752
243 673
244 842
245 709
246 887
247 884
248 878
249 894
250 892
251 897
252 896
253 894
254 897
255 898
256 897
257 897
258 447
259 893
260 898
261 896
262 896
263 896
264 897
265 897
266 895
267 897
268 897
269 897
270 896
271 896
272 895
273 897
274 897
275 897
276 897
277 897
278 897
279 896
280 895
281 894
282 895
283 896
284 896
285 897
286 896
287 896
288 886
289 893
290 892
291 789
292 891
293 860
294 897
295 891
296 784
297 841
298 900
299 888
300 896
301 897
302 896
303 892
304 896
305 895
306 896
307 896
308 897
309 896
310 896
311 896
312 897
313 897
314 896
315 896
316 896
317 896
318 896
319 897
320 895
321 896
322 896
323 895
324 896
325 897
326 896
327 895
328 889
329 888
330 889
331 895
332 896
333 896
334 892
335 893
336 895
337 896
338 897
339 895
340 897
341 895
342 897
343 895
344 896
345 897
346 897
347 897
348 895
349 895
350 896
351 896
352 897
353 897
354 895
355 897
356 896
357 895
358 897
359 896
360 896
361 896
362 896
363 895
364 895
365 893
366 895
367 894
368 895
369 896
370 894
371 894
372 897
373 896
374 896
375 894
376 894
377 894
378 892
379 896
380 895
381 897
382 895
383 892
384 897
385 897
386 895
387 896
388 896
389 895
390 894
391 896
392 897
393 895
394 897
395 895
396 896
397 896
398 895
399 897
400 895
401 894
402 894
403 891
404 890
405 897
406 896
407 896
408 895
409 897
410 894
411 892
412 895
413 896
414 896
415 897
416 897
417 895
418 893
419 898
420 895
421 895
422 898
423 892
424 897
425 897
426 896
427 897
428 896
429 896
430 896
431 895
432 894
433 896
434 896
435 897
436 896
437 896
438 897
439 896
440 895
441 896
442 893
443 895
444 897
445 896
446 894
447 895
448 897
449 895
450 896
451 897
452 896
453 896
454 897
455 894
456 894
457 895
458 894
459 897
460 897
461 892
462 897
463 895
464 896
465 896
466 897
467 895
468 897
469 896
470 896
471 896
472 897
473 896
474 896
475 898
476 897
477 896
478 895
479 894
480 896
481 897
482 895
483 897
484 897
485 897
486 895
487 895
488 896
489 897
490 897
491 898
492 895
493 896
494 895
495 896
496 893
497 887
498 896
499 895
500 893
501 893
502 895
503 897
504 894
505 895
506 895
507 895
508 896
509 896
510 897
511 896
512 892
513 896
514 894
515 893
516 892
517 895
518 894
519 892
520 894
521 895
522 889
523 892
524 892
525 892
526 894
527 895
528 896
529 893
530 895
531 897
532 895
533 894
534 895
535 895
536 895
537 894
538 892
539 890
540 896
541 897
542 896
543 894
544 892
545 892
546 896
547 890
548 896
549 894
550 895
551 897
552 897
553 896
554 895
555 895
556 894
557 895
558 896
559 893
560 894
561 894
562 896
563 894
564 893
565 888
566 894
567 894
568 894
569 895
570 896
571 895
572 894
573 894
574 894
575 892
576 896
577 893
578 894
579 874
580 897
581 895
582 896
583 896
584 894
585 897
586 896
587 896
588 895
589 893
590 896
591 896
592 897
593 896
594 896
595 895
596 894
597 896
598 894
599 893
600 894
601 895
602 897
603 896
604 896
605 895
606 897
607 895
608 891
609 897
610 897
611 896
612 896
613 896
614 896
615 894
616 896
617 893
618 895
619 896
620 897
621 895
622 896
623 895
624 897
625 896
626 896
627 896
628 897
629 895
630 896
631 897
632 895
633 896
634 896
635 896
636 896
637 895
638 895
639 896
640 896
641 891
642 895
643 896
644 896
645 894
646 897
647 897
648 897
649 895
650 896
651 895
652 896
653 896
654 895
655 891
656 894
657 896
658 897
659 893
660 897
661 896
662 896
663 896
664 897
665 896
666 896
667 896
668 895
669 896
670 897
671 896
672 897
673 896
674 894
675 895
676 896
677 895
678 894
679 895
680 895
681 895
682 896
683 896
684 896
685 896
686 897
687 895
688 896
689 896
690 896
691 896
692 897
693 896
694 896
695 891
696 891
697 897
698 897
699 894
700 896
701 897
702 896
703 895
704 897
705 897
706 897
707 896
708 896
709 896
710 897
711 896
712 896
713 896
714 896
715 896
716 897
717 897
718 896
719 896
720 896
721 893
722 894
723 896
724 897
725 896
726 896
727 896
728 897
729 896
730 896
731 896
732 896
733 896
734 896
735 896
736 895
737 897
738 896
739 894
740 891
741 897
742 896
743 896
744 896
745 895
746 895
747 896
748 896
749 896
750 894
751 896
752 896
753 895
754 895
755 895
756 894
757 896
758 896
759 844
760 897
761 897
762 815
763 817
764 771
765 757
766 714
767 348
768 695
769 688
770 816
771 710
772 501
773 877
774 852
775 883
776 811
777 841
778 878
779 788
780 823
781 833
782 877
783 831
784 813
785 702
786 625
787 818
788 796
789 809
790 966
791 926
792 894
793 847
794 849
795 891
796 770
797 738
798 754
799 826
800 723
801 765
802 825
803 817
804 837
805 819
806 808
807 878
808 969
809 930
810 940
811 795
812 735
813 875
814 808
815 840
816 849
817 803
818 854
819 723
820 776
821 871
822 865
823 861
824 810
825 850
826 870
827 815
828 823
829 776
830 726
831 795
832 631
833 703
834 717
835 713
836 674
837 581
838 648
839 724
840 708
841 664
842 808
843 778
844 435
845 428
846 473
847 504
848 311
849 445
850 477
851 655
852 433
853 546
854 570
855 517
856 507
857 591
858 541
859 888
860 648
861 893
862 580
863 888
864 659
865 18.0
866 896
867 468
868 894
869 896
870 835
871 890
872 719
873 896
874 896
875 817
876 667
877 758
878 618
879 653
880 582
881 569
882 892
883 896
884 875
885 864
886 855
887 470
888 34.5
889 617
890 881
891 894
892 897
893 894
894 700
895 892
896 822
897 885
898 889
899 637
900 888
901 148
902 125
903 764
904 892
905 781
906 895
907 794
908 892
909 782
910 895
911 894
912 835
913 856
914 845
915 802
916 606
917 628
918 895
919 897
920 728
921 896
922 896
923 834
924 685
925 896
926 763
927 747
928 866
929 833
930 770
931 861
932 812
933 898
934 894
935 595
936 1.04
937 1.01
938 449
939 904
940 1.22
941 964
942 925
943 517
944 517
945 1.28
946 995
947 491
948 758
949 374
950 270
951 525
952 1.01
953 846
954 358
955 459
956 794
957 1.43
958 1.44
959 765
960 1.05
961 1.10
962 982
963 961
964 334
965 384
966 270
967 1.07
968 978
969 336
970 348
971 779
972 787
973 1.17
974 1.36
975 928
976 933
977 581
978 1.04
979 1.15
980 401
981 368
982 842
983 1.05
984 1.04
985 402
986 620
987 711
988 1.11
989 1.03
990 546
991 432
992 707
993 1.06
994 1.12
995 588
996 566
997 662
998 851
999 810
1000 699
1001 651
1002 619
1003 637
1004 537
1005 511
1006 499
1007 441
1008 431
1009 1.15
1010 1.33
1011 868
1012 1.48
1013 974
1014 601
1015 487
1016 348
1017 189
1018 392
1019 320
1020 40.8
1021 359
1022 95.3
1023 418
1024 385
1025 20.6
1026 345
1027 33.2
1028 424
1029 29.6
1030 342
1031 271
1032 112
1033 250
1034 20.8
1035 266
1036 40.2
1037 162
1038 117
1039 42.7
1040 45.9
1041 247
1042 13.8
1043 361
1044 43.2
1045 166
1046 316
1047 73.7
1048 38.4
1049 284
1050 45.0
1051 382
1052 410
1053 915
1054 738
1055 198
1056 32.9
1057 251
1058 715
1059 644
1060 52.9
1061 335
1062 280
1063 603
1064 657
1065 31.8
1066 123
1067 897
1068 897
1069 897
1070 897
1071 50.6
1072 795
1073 897
1074 897
1075 560
1076 21.8
1077 256
1078 11.4
1079 47.9
1080 237
1081 124
1082 897
1083 896
1084 897
1085 880
1086 136
1087 901
1088 336
